  姝ｅ湪纭畾瑕佽繕鍘熺殑椤圭洰鈥?
  鎵€鏈夐」鐩潎鏄渶鏂扮殑锛屾棤娉曡繕鍘熴€?
  Tinadec.Contracts -> D:\github\agent\TinadecCode\src\Tinadec.Contracts\bin\Debug\net10.0\Tinadec.Contracts.dll
  TinadecModel -> D:\github\agent\TinadecCode\src\TinadecModel\bin\Debug\net10.0\TinadecModel.dll
D:\github\agent\TinadecCode\src\TinadecCore\Services\AgentEvolutionService.cs(17,19): warning CS9113: 鍙傛暟鈥渢oolRegistry鈥濇湭璇汇€?[D:\github\agent\TinadecCode\src\TinadecCore\TinadecCore.csproj]
D:\github\agent\TinadecCode\src\TinadecCore\Services\AgentEvolutionService.cs(182,42): error CS1061: 鈥淛sonObject鈥濇湭鍖呭惈鈥淭ryGetValue鈥濈殑瀹氫箟锛屽苟涓旀壘涓嶅埌鍙帴鍙楃涓€涓€淛sonObject鈥濈被鍨嬪弬鏁扮殑鍙闂墿灞曟柟娉曗€淭ryGetValue鈥?鏄惁缂哄皯 using 鎸囦护鎴栫▼搴忛泦寮曠敤?) [D:\github\agent\TinadecCode\src\TinadecCore\TinadecCore.csproj]
D:\github\agent\TinadecCode\src\TinadecCore\Services\AgentEvolutionService.cs(293,57): error CS1503: 鍙傛暟 3: 鏃犳硶浠庘€淪ystem.Collections.Generic.Dictionary<string, object?>鈥濊浆鎹负鈥淪ystem.Text.Json.Nodes.JsonObject?鈥?[D:\github\agent\TinadecCode\src\TinadecCore\TinadecCore.csproj]
D:\github\agent\TinadecCode\src\TinadecCore\Services\PromptFragmentVersioningService.cs(179,57): error CS1503: 鍙傛暟 3: 鏃犳硶浠庘€淪ystem.Collections.Generic.Dictionary<string, object?>鈥濊浆鎹负鈥淪ystem.Text.Json.Nodes.JsonObject?鈥?[D:\github\agent\TinadecCode\src\TinadecCore\TinadecCore.csproj]
D:\github\agent\TinadecCode\src\TinadecCore\Services\PromptFragmentVersioningService.cs(191,97): error CS1503: 鍙傛暟 3: 鏃犳硶浠庘€淪ystem.Collections.Generic.Dictionary<string, object?>鈥濊浆鎹负鈥淪ystem.Text.Json.Nodes.JsonObject?鈥?[D:\github\agent\TinadecCode\src\TinadecCore\TinadecCore.csproj]
D:\github\agent\TinadecCode\src\TinadecCore\Program.cs(32,31): error CS0246: 鏈兘鎵惧埌绫诲瀷鎴栧懡鍚嶇┖闂村悕鈥淪ecretProtector鈥?鏄惁缂哄皯 using 鎸囦护鎴栫▼搴忛泦寮曠敤?) [D:\github\agent\TinadecCode\src\TinadecCore\TinadecCore.csproj]
D:\github\agent\TinadecCode\src\TinadecCore\Program.cs(41,31): error CS0246: 鏈兘鎵惧埌绫诲瀷鎴栧懡鍚嶇┖闂村悕鈥淢odelReadinessService鈥?鏄惁缂哄皯 using 鎸囦护鎴栫▼搴忛泦寮曠敤?) [D:\github\agent\TinadecCode\src\TinadecCore\TinadecCore.csproj]
D:\github\agent\TinadecCode\src\TinadecCore\Program.cs(42,31): error CS0246: 鏈兘鎵惧埌绫诲瀷鎴栧懡鍚嶇┖闂村悕鈥淢odelCatalogReadinessService鈥?鏄惁缂哄皯 using 鎸囦护鎴栫▼搴忛泦寮曠敤?) [D:\github\agent\TinadecCode\src\TinadecCore\TinadecCore.csproj]
D:\github\agent\TinadecCode\src\TinadecCore\Program.cs(47,31): error CS0246: 鏈兘鎵惧埌绫诲瀷鎴栧懡鍚嶇┖闂村悕鈥淚ModelRouteResolver鈥?鏄惁缂哄皯 using 鎸囦护鎴栫▼搴忛泦寮曠敤?) [D:\github\agent\TinadecCode\src\TinadecCore\TinadecCore.csproj]
D:\github\agent\TinadecCode\src\TinadecCore\Program.cs(47,52): error CS0246: 鏈兘鎵惧埌绫诲瀷鎴栧懡鍚嶇┖闂村悕鈥淢odelRouteResolver鈥?鏄惁缂哄皯 using 鎸囦护鎴栫▼搴忛泦寮曠敤?) [D:\github\agent\TinadecCode\src\TinadecCore\TinadecCore.csproj]
D:\github\agent\TinadecCode\src\TinadecCore\Program.cs(48,31): error CS0246: 鏈兘鎵惧埌绫诲瀷鎴栧懡鍚嶇┖闂村悕鈥淚ModelCredentialResolver鈥?鏄惁缂哄皯 using 鎸囦护鎴栫▼搴忛泦寮曠敤?) [D:\github\agent\TinadecCode\src\TinadecCore\TinadecCore.csproj]
D:\github\agent\TinadecCode\src\TinadecCore\Program.cs(48,57): error CS0246: 鏈兘鎵惧埌绫诲瀷鎴栧懡鍚嶇┖闂村悕鈥淢odelCredentialResolver鈥?鏄惁缂哄皯 using 鎸囦护鎴栫▼搴忛泦寮曠敤?) [D:\github\agent\TinadecCode\src\TinadecCore\TinadecCore.csproj]
D:\github\agent\TinadecCode\src\TinadecCore\Program.cs(49,31): error CS0246: 鏈兘鎵惧埌绫诲瀷鎴栧懡鍚嶇┖闂村悕鈥淚ModelInvocationRuntime鈥?鏄惁缂哄皯 using 鎸囦护鎴栫▼搴忛泦寮曠敤?) [D:\github\agent\TinadecCode\src\TinadecCore\TinadecCore.csproj]
D:\github\agent\TinadecCode\src\TinadecCore\Program.cs(49,56): error CS0246: 鏈兘鎵惧埌绫诲瀷鎴栧懡鍚嶇┖闂村悕鈥淢odelInvocationRuntime鈥?鏄惁缂哄皯 using 鎸囦护鎴栫▼搴忛泦寮曠敤?) [D:\github\agent\TinadecCode\src\TinadecCore\TinadecCore.csproj]
D:\github\agent\TinadecCode\src\TinadecCore\Program.cs(52,31): error CS0246: 鏈兘鎵惧埌绫诲瀷鎴栧懡鍚嶇┖闂村悕鈥淚ModelManagementService鈥?鏄惁缂哄皯 using 鎸囦护鎴栫▼搴忛泦寮曠敤?) [D:\github\agent\TinadecCode\src\TinadecCore\TinadecCore.csproj]
D:\github\agent\TinadecCode\src\TinadecCore\Program.cs(52,56): error CS0246: 鏈兘鎵惧埌绫诲瀷鎴栧懡鍚嶇┖闂村悕鈥淢odelManagementService鈥?鏄惁缂哄皯 using 鎸囦护鎴栫▼搴忛泦寮曠敤?) [D:\github\agent\TinadecCode\src\TinadecCore\TinadecCore.csproj]
D:\github\agent\TinadecCode\src\TinadecCore\Program.cs(53,41): error CS0246: 鏈兘鎵惧埌绫诲瀷鎴栧懡鍚嶇┖闂村悕鈥淟ocalHttpModule鈥?鏄惁缂哄皯 using 鎸囦护鎴栫▼搴忛泦寮曠敤?) [D:\github\agent\TinadecCode\src\TinadecCore\TinadecCore.csproj]
D:\github\agent\TinadecCode\src\TinadecCore\Program.cs(53,18): error CS1061: 鈥淚ServiceCollection鈥濇湭鍖呭惈鈥淎ddModelProviderModule鈥濈殑瀹氫箟锛屽苟涓旀壘涓嶅埌鍙帴鍙楃涓€涓€淚ServiceCollection鈥濈被鍨嬪弬鏁扮殑鍙闂墿灞曟柟娉曗€淎ddModelProviderModule鈥?鏄惁缂哄皯 using 鎸囦护鎴栫▼搴忛泦寮曠敤?) [D:\github\agent\TinadecCode\src\TinadecCore\TinadecCore.csproj]
D:\github\agent\TinadecCode\src\TinadecCore\Program.cs(54,41): error CS0246: 鏈兘鎵惧埌绫诲瀷鎴栧懡鍚嶇┖闂村悕鈥淎nthropicModule鈥?鏄惁缂哄皯 using 鎸囦护鎴栫▼搴忛泦寮曠敤?) [D:\github\agent\TinadecCode\src\TinadecCore\TinadecCore.csproj]
D:\github\agent\TinadecCode\src\TinadecCore\Program.cs(54,18): error CS1061: 鈥淚ServiceCollection鈥濇湭鍖呭惈鈥淎ddModelProviderModule鈥濈殑瀹氫箟锛屽苟涓旀壘涓嶅埌鍙帴鍙楃涓€涓€淚ServiceCollection鈥濈被鍨嬪弬鏁扮殑鍙闂墿灞曟柟娉曗€淎ddModelProviderModule鈥?鏄惁缂哄皯 using 鎸囦护鎴栫▼搴忛泦寮曠敤?) [D:\github\agent\TinadecCode\src\TinadecCore\TinadecCore.csproj]
D:\github\agent\TinadecCode\src\TinadecCore\Program.cs(55,41): error CS0246: 鏈兘鎵惧埌绫诲瀷鎴栧懡鍚嶇┖闂村悕鈥淥penAiCompatibleModule鈥?鏄惁缂哄皯 using 鎸囦护鎴栫▼搴忛泦寮曠敤?) [D:\github\agent\TinadecCode\src\TinadecCore\TinadecCore.csproj]
D:\github\agent\TinadecCode\src\TinadecCore\Program.cs(55,18): error CS1061: 鈥淚ServiceCollection鈥濇湭鍖呭惈鈥淎ddModelProviderModule鈥濈殑瀹氫箟锛屽苟涓旀壘涓嶅埌鍙帴鍙楃涓€涓€淚ServiceCollection鈥濈被鍨嬪弬鏁扮殑鍙闂墿灞曟柟娉曗€淎ddModelProviderModule鈥?鏄惁缂哄皯 using 鎸囦护鎴栫▼搴忛泦寮曠敤?) [D:\github\agent\TinadecCode\src\TinadecCore\TinadecCore.csproj]
D:\github\agent\TinadecCode\src\TinadecCore\Program.cs(56,41): error CS0246: 鏈兘鎵惧埌绫诲瀷鎴栧懡鍚嶇┖闂村悕鈥淐liModule鈥?鏄惁缂哄皯 using 鎸囦护鎴栫▼搴忛泦寮曠敤?) [D:\github\agent\TinadecCode\src\TinadecCore\TinadecCore.csproj]
D:\github\agent\TinadecCode\src\TinadecCore\Program.cs(56,18): error CS1061: 鈥淚ServiceCollection鈥濇湭鍖呭惈鈥淎ddModelProviderModule鈥濈殑瀹氫箟锛屽苟涓旀壘涓嶅埌鍙帴鍙楃涓€涓€淚ServiceCollection鈥濈被鍨嬪弬鏁扮殑鍙闂墿灞曟柟娉曗€淎ddModelProviderModule鈥?鏄惁缂哄皯 using 鎸囦护鎴栫▼搴忛泦寮曠敤?) [D:\github\agent\TinadecCode\src\TinadecCore\TinadecCore.csproj]
D:\github\agent\TinadecCode\src\TinadecCore\Program.cs(107,40): error CS0246: 鏈兘鎵惧埌绫诲瀷鎴栧懡鍚嶇┖闂村悕鈥淢odelReadinessService鈥?鏄惁缂哄皯 using 鎸囦护鎴栫▼搴忛泦寮曠敤?) [D:\github\agent\TinadecCode\src\TinadecCore\TinadecCore.csproj]
D:\github\agent\TinadecCode\src\TinadecCore\Program.cs(109,48): error CS0246: 鏈兘鎵惧埌绫诲瀷鎴栧懡鍚嶇┖闂村悕鈥淢odelCatalogReadinessService鈥?鏄惁缂哄皯 using 鎸囦护鎴栫▼搴忛泦寮曠敤?) [D:\github\agent\TinadecCode\src\TinadecCore\TinadecCore.csproj]
D:\github\agent\TinadecCode\src\TinadecCore\Program.cs(212,34): error CS1061: 鈥淚HeaderDictionary鈥濇湭鍖呭惈鈥淴AccelBuffering鈥濈殑瀹氫箟锛屽苟涓旀壘涓嶅埌鍙帴鍙楃涓€涓€淚HeaderDictionary鈥濈被鍨嬪弬鏁扮殑鍙闂墿灞曟柟娉曗€淴AccelBuffering鈥?鏄惁缂哄皯 using 鎸囦护鎴栫▼搴忛泦寮曠敤?) [D:\github\agent\TinadecCode\src\TinadecCore\TinadecCore.csproj]
D:\github\agent\TinadecCode\src\TinadecCore\Program.cs(214,5): error CS8410: 'PipeWriter': 寮傛 using 璇彞涓娇鐢ㄧ殑绫诲瀷蹇呴』瀹炵幇 'System.IAsyncDisposable' 鎴栧疄鐜伴€傜敤鐨?'DisposeAsync' 鏂规硶銆?[D:\github\agent\TinadecCode\src\TinadecCore\TinadecCore.csproj]
D:\github\agent\TinadecCode\src\TinadecCore\Program.cs(360,49): error CS0246: 鏈兘鎵惧埌绫诲瀷鎴栧懡鍚嶇┖闂村悕鈥淚ModelManagementService鈥?鏄惁缂哄皯 using 鎸囦护鎴栫▼搴忛泦寮曠敤?) [D:\github\agent\TinadecCode\src\TinadecCore\TinadecCore.csproj]
D:\github\agent\TinadecCode\src\TinadecCore\Program.cs(365,40): error CS0246: 鏈兘鎵惧埌绫诲瀷鎴栧懡鍚嶇┖闂村悕鈥淚ModelManagementService鈥?鏄惁缂哄皯 using 鎸囦护鎴栫▼搴忛泦寮曠敤?) [D:\github\agent\TinadecCode\src\TinadecCore\TinadecCore.csproj]
D:\github\agent\TinadecCode\src\TinadecCore\Program.cs(370,83): error CS0246: 鏈兘鎵惧埌绫诲瀷鎴栧懡鍚嶇┖闂村悕鈥淚ModelManagementService鈥?鏄惁缂哄皯 using 鎸囦护鎴栫▼搴忛泦寮曠敤?) [D:\github\agent\TinadecCode\src\TinadecCore\TinadecCore.csproj]
D:\github\agent\TinadecCode\src\TinadecCore\Program.cs(384,130): error CS0246: 鏈兘鎵惧埌绫诲瀷鎴栧懡鍚嶇┖闂村悕鈥淚ModelManagementService鈥?鏄惁缂哄皯 using 鎸囦护鎴栫▼搴忛泦寮曠敤?) [D:\github\agent\TinadecCode\src\TinadecCore\TinadecCore.csproj]
D:\github\agent\TinadecCode\src\TinadecCore\Program.cs(402,91): error CS0246: 鏈兘鎵惧埌绫诲瀷鎴栧懡鍚嶇┖闂村悕鈥淚ModelManagementService鈥?鏄惁缂哄皯 using 鎸囦护鎴栫▼搴忛泦寮曠敤?) [D:\github\agent\TinadecCode\src\TinadecCore\TinadecCore.csproj]
D:\github\agent\TinadecCode\src\TinadecCore\Program.cs(420,37): error CS0246: 鏈兘鎵惧埌绫诲瀷鎴栧懡鍚嶇┖闂村悕鈥淚ModelManagementService鈥?鏄惁缂哄皯 using 鎸囦护鎴栫▼搴忛泦寮曠敤?) [D:\github\agent\TinadecCode\src\TinadecCore\TinadecCore.csproj]
D:\github\agent\TinadecCode\src\TinadecCore\Program.cs(425,94): error CS0246: 鏈兘鎵惧埌绫诲瀷鎴栧懡鍚嶇┖闂村悕鈥淚ModelManagementService鈥?鏄惁缂哄皯 using 鎸囦护鎴栫▼搴忛泦寮曠敤?) [D:\github\agent\TinadecCode\src\TinadecCore\TinadecCore.csproj]
D:\github\agent\TinadecCode\src\TinadecCore\Program.cs(443,39): error CS0246: 鏈兘鎵惧埌绫诲瀷鎴栧懡鍚嶇┖闂村悕鈥淚ModelManagementService鈥?鏄惁缂哄皯 using 鎸囦护鎴栫▼搴忛泦寮曠敤?) [D:\github\agent\TinadecCode\src\TinadecCore\TinadecCore.csproj]
D:\github\agent\TinadecCode\src\TinadecCore\Program.cs(448,73): error CS0246: 鏈兘鎵惧埌绫诲瀷鎴栧懡鍚嶇┖闂村悕鈥淚ModelManagementService鈥?鏄惁缂哄皯 using 鎸囦护鎴栫▼搴忛泦寮曠敤?) [D:\github\agent\TinadecCode\src\TinadecCore\TinadecCore.csproj]

鐢熸垚澶辫触銆?

D:\github\agent\TinadecCode\src\TinadecCore\Services\AgentEvolutionService.cs(17,19): warning CS9113: 鍙傛暟鈥渢oolRegistry鈥濇湭璇汇€?[D:\github\agent\TinadecCode\src\TinadecCore\TinadecCore.csproj]
D:\github\agent\TinadecCode\src\TinadecCore\Services\AgentEvolutionService.cs(182,42): error CS1061: 鈥淛sonObject鈥濇湭鍖呭惈鈥淭ryGetValue鈥濈殑瀹氫箟锛屽苟涓旀壘涓嶅埌鍙帴鍙楃涓€涓€淛sonObject鈥濈被鍨嬪弬鏁扮殑鍙闂墿灞曟柟娉曗€淭ryGetValue鈥?鏄惁缂哄皯 using 鎸囦护鎴栫▼搴忛泦寮曠敤?) [D:\github\agent\TinadecCode\src\TinadecCore\TinadecCore.csproj]
D:\github\agent\TinadecCode\src\TinadecCore\Services\AgentEvolutionService.cs(293,57): error CS1503: 鍙傛暟 3: 鏃犳硶浠庘€淪ystem.Collections.Generic.Dictionary<string, object?>鈥濊浆鎹负鈥淪ystem.Text.Json.Nodes.JsonObject?鈥?[D:\github\agent\TinadecCode\src\TinadecCore\TinadecCore.csproj]
D:\github\agent\TinadecCode\src\TinadecCore\Services\PromptFragmentVersioningService.cs(179,57): error CS1503: 鍙傛暟 3: 鏃犳硶浠庘€淪ystem.Collections.Generic.Dictionary<string, object?>鈥濊浆鎹负鈥淪ystem.Text.Json.Nodes.JsonObject?鈥?[D:\github\agent\TinadecCode\src\TinadecCore\TinadecCore.csproj]
D:\github\agent\TinadecCode\src\TinadecCore\Services\PromptFragmentVersioningService.cs(191,97): error CS1503: 鍙傛暟 3: 鏃犳硶浠庘€淪ystem.Collections.Generic.Dictionary<string, object?>鈥濊浆鎹负鈥淪ystem.Text.Json.Nodes.JsonObject?鈥?[D:\github\agent\TinadecCode\src\TinadecCore\TinadecCore.csproj]
D:\github\agent\TinadecCode\src\TinadecCore\Program.cs(32,31): error CS0246: 鏈兘鎵惧埌绫诲瀷鎴栧懡鍚嶇┖闂村悕鈥淪ecretProtector鈥?鏄惁缂哄皯 using 鎸囦护鎴栫▼搴忛泦寮曠敤?) [D:\github\agent\TinadecCode\src\TinadecCore\TinadecCore.csproj]
D:\github\agent\TinadecCode\src\TinadecCore\Program.cs(41,31): error CS0246: 鏈兘鎵惧埌绫诲瀷鎴栧懡鍚嶇┖闂村悕鈥淢odelReadinessService鈥?鏄惁缂哄皯 using 鎸囦护鎴栫▼搴忛泦寮曠敤?) [D:\github\agent\TinadecCode\src\TinadecCore\TinadecCore.csproj]
D:\github\agent\TinadecCode\src\TinadecCore\Program.cs(42,31): error CS0246: 鏈兘鎵惧埌绫诲瀷鎴栧懡鍚嶇┖闂村悕鈥淢odelCatalogReadinessService鈥?鏄惁缂哄皯 using 鎸囦护鎴栫▼搴忛泦寮曠敤?) [D:\github\agent\TinadecCode\src\TinadecCore\TinadecCore.csproj]
D:\github\agent\TinadecCode\src\TinadecCore\Program.cs(47,31): error CS0246: 鏈兘鎵惧埌绫诲瀷鎴栧懡鍚嶇┖闂村悕鈥淚ModelRouteResolver鈥?鏄惁缂哄皯 using 鎸囦护鎴栫▼搴忛泦寮曠敤?) [D:\github\agent\TinadecCode\src\TinadecCore\TinadecCore.csproj]
D:\github\agent\TinadecCode\src\TinadecCore\Program.cs(47,52): error CS0246: 鏈兘鎵惧埌绫诲瀷鎴栧懡鍚嶇┖闂村悕鈥淢odelRouteResolver鈥?鏄惁缂哄皯 using 鎸囦护鎴栫▼搴忛泦寮曠敤?) [D:\github\agent\TinadecCode\src\TinadecCore\TinadecCore.csproj]
D:\github\agent\TinadecCode\src\TinadecCore\Program.cs(48,31): error CS0246: 鏈兘鎵惧埌绫诲瀷鎴栧懡鍚嶇┖闂村悕鈥淚ModelCredentialResolver鈥?鏄惁缂哄皯 using 鎸囦护鎴栫▼搴忛泦寮曠敤?) [D:\github\agent\TinadecCode\src\TinadecCore\TinadecCore.csproj]
D:\github\agent\TinadecCode\src\TinadecCore\Program.cs(48,57): error CS0246: 鏈兘鎵惧埌绫诲瀷鎴栧懡鍚嶇┖闂村悕鈥淢odelCredentialResolver鈥?鏄惁缂哄皯 using 鎸囦护鎴栫▼搴忛泦寮曠敤?) [D:\github\agent\TinadecCode\src\TinadecCore\TinadecCore.csproj]
D:\github\agent\TinadecCode\src\TinadecCore\Program.cs(49,31): error CS0246: 鏈兘鎵惧埌绫诲瀷鎴栧懡鍚嶇┖闂村悕鈥淚ModelInvocationRuntime鈥?鏄惁缂哄皯 using 鎸囦护鎴栫▼搴忛泦寮曠敤?) [D:\github\agent\TinadecCode\src\TinadecCore\TinadecCore.csproj]
D:\github\agent\TinadecCode\src\TinadecCore\Program.cs(49,56): error CS0246: 鏈兘鎵惧埌绫诲瀷鎴栧懡鍚嶇┖闂村悕鈥淢odelInvocationRuntime鈥?鏄惁缂哄皯 using 鎸囦护鎴栫▼搴忛泦寮曠敤?) [D:\github\agent\TinadecCode\src\TinadecCore\TinadecCore.csproj]
D:\github\agent\TinadecCode\src\TinadecCore\Program.cs(52,31): error CS0246: 鏈兘鎵惧埌绫诲瀷鎴栧懡鍚嶇┖闂村悕鈥淚ModelManagementService鈥?鏄惁缂哄皯 using 鎸囦护鎴栫▼搴忛泦寮曠敤?) [D:\github\agent\TinadecCode\src\TinadecCore\TinadecCore.csproj]
D:\github\agent\TinadecCode\src\TinadecCore\Program.cs(52,56): error CS0246: 鏈兘鎵惧埌绫诲瀷鎴栧懡鍚嶇┖闂村悕鈥淢odelManagementService鈥?鏄惁缂哄皯 using 鎸囦护鎴栫▼搴忛泦寮曠敤?) [D:\github\agent\TinadecCode\src\TinadecCore\TinadecCore.csproj]
D:\github\agent\TinadecCode\src\TinadecCore\Program.cs(53,41): error CS0246: 鏈兘鎵惧埌绫诲瀷鎴栧懡鍚嶇┖闂村悕鈥淟ocalHttpModule鈥?鏄惁缂哄皯 using 鎸囦护鎴栫▼搴忛泦寮曠敤?) [D:\github\agent\TinadecCode\src\TinadecCore\TinadecCore.csproj]
D:\github\agent\TinadecCode\src\TinadecCore\Program.cs(53,18): error CS1061: 鈥淚ServiceCollection鈥濇湭鍖呭惈鈥淎ddModelProviderModule鈥濈殑瀹氫箟锛屽苟涓旀壘涓嶅埌鍙帴鍙楃涓€涓€淚ServiceCollection鈥濈被鍨嬪弬鏁扮殑鍙闂墿灞曟柟娉曗€淎ddModelProviderModule鈥?鏄惁缂哄皯 using 鎸囦护鎴栫▼搴忛泦寮曠敤?) [D:\github\agent\TinadecCode\src\TinadecCore\TinadecCore.csproj]
D:\github\agent\TinadecCode\src\TinadecCore\Program.cs(54,41): error CS0246: 鏈兘鎵惧埌绫诲瀷鎴栧懡鍚嶇┖闂村悕鈥淎nthropicModule鈥?鏄惁缂哄皯 using 鎸囦护鎴栫▼搴忛泦寮曠敤?) [D:\github\agent\TinadecCode\src\TinadecCore\TinadecCore.csproj]
D:\github\agent\TinadecCode\src\TinadecCore\Program.cs(54,18): error CS1061: 鈥淚ServiceCollection鈥濇湭鍖呭惈鈥淎ddModelProviderModule鈥濈殑瀹氫箟锛屽苟涓旀壘涓嶅埌鍙帴鍙楃涓€涓€淚ServiceCollection鈥濈被鍨嬪弬鏁扮殑鍙闂墿灞曟柟娉曗€淎ddModelProviderModule鈥?鏄惁缂哄皯 using 鎸囦护鎴栫▼搴忛泦寮曠敤?) [D:\github\agent\TinadecCode\src\TinadecCore\TinadecCore.csproj]
D:\github\agent\TinadecCode\src\TinadecCore\Program.cs(55,41): error CS0246: 鏈兘鎵惧埌绫诲瀷鎴栧懡鍚嶇┖闂村悕鈥淥penAiCompatibleModule鈥?鏄惁缂哄皯 using 鎸囦护鎴栫▼搴忛泦寮曠敤?) [D:\github\agent\TinadecCode\src\TinadecCore\TinadecCore.csproj]
D:\github\agent\TinadecCode\src\TinadecCore\Program.cs(55,18): error CS1061: 鈥淚ServiceCollection鈥濇湭鍖呭惈鈥淎ddModelProviderModule鈥濈殑瀹氫箟锛屽苟涓旀壘涓嶅埌鍙帴鍙楃涓€涓€淚ServiceCollection鈥濈被鍨嬪弬鏁扮殑鍙闂墿灞曟柟娉曗€淎ddModelProviderModule鈥?鏄惁缂哄皯 using 鎸囦护鎴栫▼搴忛泦寮曠敤?) [D:\github\agent\TinadecCode\src\TinadecCore\TinadecCore.csproj]
D:\github\agent\TinadecCode\src\TinadecCore\Program.cs(56,41): error CS0246: 鏈兘鎵惧埌绫诲瀷鎴栧懡鍚嶇┖闂村悕鈥淐liModule鈥?鏄惁缂哄皯 using 鎸囦护鎴栫▼搴忛泦寮曠敤?) [D:\github\agent\TinadecCode\src\TinadecCore\TinadecCore.csproj]
D:\github\agent\TinadecCode\src\TinadecCore\Program.cs(56,18): error CS1061: 鈥淚ServiceCollection鈥濇湭鍖呭惈鈥淎ddModelProviderModule鈥濈殑瀹氫箟锛屽苟涓旀壘涓嶅埌鍙帴鍙楃涓€涓€淚ServiceCollection鈥濈被鍨嬪弬鏁扮殑鍙闂墿灞曟柟娉曗€淎ddModelProviderModule鈥?鏄惁缂哄皯 using 鎸囦护鎴栫▼搴忛泦寮曠敤?) [D:\github\agent\TinadecCode\src\TinadecCore\TinadecCore.csproj]
D:\github\agent\TinadecCode\src\TinadecCore\Program.cs(107,40): error CS0246: 鏈兘鎵惧埌绫诲瀷鎴栧懡鍚嶇┖闂村悕鈥淢odelReadinessService鈥?鏄惁缂哄皯 using 鎸囦护鎴栫▼搴忛泦寮曠敤?) [D:\github\agent\TinadecCode\src\TinadecCore\TinadecCore.csproj]
D:\github\agent\TinadecCode\src\TinadecCore\Program.cs(109,48): error CS0246: 鏈兘鎵惧埌绫诲瀷鎴栧懡鍚嶇┖闂村悕鈥淢odelCatalogReadinessService鈥?鏄惁缂哄皯 using 鎸囦护鎴栫▼搴忛泦寮曠敤?) [D:\github\agent\TinadecCode\src\TinadecCore\TinadecCore.csproj]
D:\github\agent\TinadecCode\src\TinadecCore\Program.cs(212,34): error CS1061: 鈥淚HeaderDictionary鈥濇湭鍖呭惈鈥淴AccelBuffering鈥濈殑瀹氫箟锛屽苟涓旀壘涓嶅埌鍙帴鍙楃涓€涓€淚HeaderDictionary鈥濈被鍨嬪弬鏁扮殑鍙闂墿灞曟柟娉曗€淴AccelBuffering鈥?鏄惁缂哄皯 using 鎸囦护鎴栫▼搴忛泦寮曠敤?) [D:\github\agent\TinadecCode\src\TinadecCore\TinadecCore.csproj]
D:\github\agent\TinadecCode\src\TinadecCore\Program.cs(214,5): error CS8410: 'PipeWriter': 寮傛 using 璇彞涓娇鐢ㄧ殑绫诲瀷蹇呴』瀹炵幇 'System.IAsyncDisposable' 鎴栧疄鐜伴€傜敤鐨?'DisposeAsync' 鏂规硶銆?[D:\github\agent\TinadecCode\src\TinadecCore\TinadecCore.csproj]
D:\github\agent\TinadecCode\src\TinadecCore\Program.cs(360,49): error CS0246: 鏈兘鎵惧埌绫诲瀷鎴栧懡鍚嶇┖闂村悕鈥淚ModelManagementService鈥?鏄惁缂哄皯 using 鎸囦护鎴栫▼搴忛泦寮曠敤?) [D:\github\agent\TinadecCode\src\TinadecCore\TinadecCore.csproj]
D:\github\agent\TinadecCode\src\TinadecCore\Program.cs(365,40): error CS0246: 鏈兘鎵惧埌绫诲瀷鎴栧懡鍚嶇┖闂村悕鈥淚ModelManagementService鈥?鏄惁缂哄皯 using 鎸囦护鎴栫▼搴忛泦寮曠敤?) [D:\github\agent\TinadecCode\src\TinadecCore\TinadecCore.csproj]
D:\github\agent\TinadecCode\src\TinadecCore\Program.cs(370,83): error CS0246: 鏈兘鎵惧埌绫诲瀷鎴栧懡鍚嶇┖闂村悕鈥淚ModelManagementService鈥?鏄惁缂哄皯 using 鎸囦护鎴栫▼搴忛泦寮曠敤?) [D:\github\agent\TinadecCode\src\TinadecCore\TinadecCore.csproj]
D:\github\agent\TinadecCode\src\TinadecCore\Program.cs(384,130): error CS0246: 鏈兘鎵惧埌绫诲瀷鎴栧懡鍚嶇┖闂村悕鈥淚ModelManagementService鈥?鏄惁缂哄皯 using 鎸囦护鎴栫▼搴忛泦寮曠敤?) [D:\github\agent\TinadecCode\src\TinadecCore\TinadecCore.csproj]
D:\github\agent\TinadecCode\src\TinadecCore\Program.cs(402,91): error CS0246: 鏈兘鎵惧埌绫诲瀷鎴栧懡鍚嶇┖闂村悕鈥淚ModelManagementService鈥?鏄惁缂哄皯 using 鎸囦护鎴栫▼搴忛泦寮曠敤?) [D:\github\agent\TinadecCode\src\TinadecCore\TinadecCore.csproj]
D:\github\agent\TinadecCode\src\TinadecCore\Program.cs(420,37): error CS0246: 鏈兘鎵惧埌绫诲瀷鎴栧懡鍚嶇┖闂村悕鈥淚ModelManagementService鈥?鏄惁缂哄皯 using 鎸囦护鎴栫▼搴忛泦寮曠敤?) [D:\github\agent\TinadecCode\src\TinadecCore\TinadecCore.csproj]
D:\github\agent\TinadecCode\src\TinadecCore\Program.cs(425,94): error CS0246: 鏈兘鎵惧埌绫诲瀷鎴栧懡鍚嶇┖闂村悕鈥淚ModelManagementService鈥?鏄惁缂哄皯 using 鎸囦护鎴栫▼搴忛泦寮曠敤?) [D:\github\agent\TinadecCode\src\TinadecCore\TinadecCore.csproj]
D:\github\agent\TinadecCode\src\TinadecCore\Program.cs(443,39): error CS0246: 鏈兘鎵惧埌绫诲瀷鎴栧懡鍚嶇┖闂村悕鈥淚ModelManagementService鈥?鏄惁缂哄皯 using 鎸囦护鎴栫▼搴忛泦寮曠敤?) [D:\github\agent\TinadecCode\src\TinadecCore\TinadecCore.csproj]
D:\github\agent\TinadecCode\src\TinadecCore\Program.cs(448,73): error CS0246: 鏈兘鎵惧埌绫诲瀷鎴栧懡鍚嶇┖闂村悕鈥淚ModelManagementService鈥?鏄惁缂哄皯 using 鎸囦护鎴栫▼搴忛泦寮曠敤?) [D:\github\agent\TinadecCode\src\TinadecCore\TinadecCore.csproj]
    1 涓鍛?
    36 涓敊璇?

宸茬敤鏃堕棿 00:00:25.58
